[eth] epoch   1/100  loss=-0.3040  val_ADE=0.598  val_FDE=1.204
[eth] epoch  25/100  loss=-2.1795  val_ADE=0.391  val_FDE=0.779
[eth] epoch  50/100  loss=-2.3594  val_ADE=0.379  val_FDE=0.758
[eth] epoch  75/100  loss=-2.6430  val_ADE=0.377  val_FDE=0.766
[eth] epoch 100/100  loss=-2.6360  val_ADE=0.363  val_FDE=0.727
[eth] TEST  det: ADE=0.991 FDE=1.964 | best-of-20: ADE=0.781 FDE=1.422  (109s)

[hotel] epoch   1/100  loss=-0.4113  val_ADE=0.589  val_FDE=1.135
[hotel] epoch  25/100  loss=-2.1496  val_ADE=0.398  val_FDE=0.798
[hotel] epoch  50/100  loss=-2.3355  val_ADE=0.383  val_FDE=0.753
[hotel] epoch  75/100  loss=-2.3783  val_ADE=0.376  val_FDE=0.753
[hotel] epoch 100/100  loss=-2.5343  val_ADE=0.382  val_FDE=0.771
[hotel] TEST  det: ADE=0.546 FDE=1.131 | best-of-20: ADE=0.368 FDE=0.703  (119s)

[univ] epoch   1/100  loss=-0.2438  val_ADE=0.630  val_FDE=1.299
[univ] epoch  25/100  loss=-2.4698  val_ADE=0.339  val_FDE=0.652
[univ] epoch  50/100  loss=-2.7943  val_ADE=0.361  val_FDE=0.676
[univ] epoch  75/100  loss=-3.0097  val_ADE=0.313  val_FDE=0.610
[univ] epoch 100/100  loss=-3.2133  val_ADE=0.311  val_FDE=0.604
[univ] TEST  det: ADE=0.558 FDE=1.208 | best-of-20: ADE=0.392 FDE=0.756  (63s)

[zara1] epoch   1/100  loss=-0.3804  val_ADE=0.769  val_FDE=1.673
[zara1] epoch  25/100  loss=-2.1418  val_ADE=0.395  val_FDE=0.772
[zara1] epoch  50/100  loss=-2.3959  val_ADE=0.391  val_FDE=0.770
[zara1] epoch  75/100  loss=-2.5078  val_ADE=0.370  val_FDE=0.728
[zara1] epoch 100/100  loss=-2.6222  val_ADE=0.373  val_FDE=0.747
[zara1] TEST  det: ADE=0.428 FDE=0.943 | best-of-20: ADE=0.281 FDE=0.512  (122s)

[zara2] epoch   1/100  loss=-0.2696  val_ADE=0.580  val_FDE=1.122
[zara2] epoch  25/100  loss=-1.9999  val_ADE=0.428  val_FDE=0.831
[zara2] epoch  50/100  loss=-2.1574  val_ADE=0.413  val_FDE=0.802
[zara2] epoch  75/100  loss=-2.2693  val_ADE=0.423  val_FDE=0.827
[zara2] epoch 100/100  loss=-2.3476  val_ADE=0.403  val_FDE=0.797
[zara2] TEST  det: ADE=0.336 FDE=0.752 | best-of-20: ADE=0.225 FDE=0.427  (110s)

==============================================================
SCENA           ade_det      fde_det   ade_best20   fde_best20
--------------------------------------------------------------
eth               0.991        1.964        0.781        1.422
hotel             0.546        1.131        0.368        0.703
univ              0.558        1.208        0.392        0.756
zara1             0.428        0.943        0.281        0.512
zara2             0.336        0.752        0.225        0.427
--------------------------------------------------------------
PROSEK            0.572        1.200        0.410        0.764
==============================================================
