[eth] epoch   1/250  nll=0.3139  val_ADE(det)=1.328  val_ADE(best5)=0.986
[eth] epoch  10/250  nll=-1.9086  val_ADE(det)=0.549  val_ADE(best5)=0.447
[eth] epoch  20/250  nll=-2.0620  val_ADE(det)=0.515  val_ADE(best5)=0.425
[eth] epoch  30/250  nll=-2.1495  val_ADE(det)=0.469  val_ADE(best5)=0.395
[eth] epoch  40/250  nll=-2.2247  val_ADE(det)=0.459  val_ADE(best5)=0.384
[eth] epoch  50/250  nll=-2.2478  val_ADE(det)=0.467  val_ADE(best5)=0.390
[eth] epoch  60/250  nll=-2.3053  val_ADE(det)=0.473  val_ADE(best5)=0.394
[eth] epoch  70/250  nll=-2.3416  val_ADE(det)=0.467  val_ADE(best5)=0.388
[eth] epoch  80/250  nll=-2.3782  val_ADE(det)=0.460  val_ADE(best5)=0.382
[eth] epoch  90/250  nll=-2.4084  val_ADE(det)=0.460  val_ADE(best5)=0.385
[eth] epoch 100/250  nll=-2.4400  val_ADE(det)=0.451  val_ADE(best5)=0.377
[eth] epoch 110/250  nll=-2.5045  val_ADE(det)=0.445  val_ADE(best5)=0.371
[eth] epoch 120/250  nll=-2.5203  val_ADE(det)=0.439  val_ADE(best5)=0.365
[eth] epoch 130/250  nll=-2.5701  val_ADE(det)=0.439  val_ADE(best5)=0.367
[eth] epoch 140/250  nll=-2.5433  val_ADE(det)=0.440  val_ADE(best5)=0.367
[eth] epoch 150/250  nll=-2.5654  val_ADE(det)=0.440  val_ADE(best5)=0.368
[eth] epoch 160/250  nll=-2.5803  val_ADE(det)=0.451  val_ADE(best5)=0.377
[eth] epoch 170/250  nll=-2.6223  val_ADE(det)=0.435  val_ADE(best5)=0.363
[eth] epoch 180/250  nll=-2.6177  val_ADE(det)=0.438  val_ADE(best5)=0.367
[eth] epoch 190/250  nll=-2.6190  val_ADE(det)=0.440  val_ADE(best5)=0.369
[eth] epoch 200/250  nll=-2.6387  val_ADE(det)=0.435  val_ADE(best5)=0.364
[eth] epoch 210/250  nll=-2.6970  val_ADE(det)=0.436  val_ADE(best5)=0.362
[eth] epoch 220/250  nll=-2.7186  val_ADE(det)=0.434  val_ADE(best5)=0.364
[eth] epoch 230/250  nll=-2.7120  val_ADE(det)=0.436  val_ADE(best5)=0.366
[eth] epoch 240/250  nll=-2.7362  val_ADE(det)=0.436  val_ADE(best5)=0.363
[eth] epoch 250/250  nll=-2.7437  val_ADE(det)=0.436  val_ADE(best5)=0.364
[eth] TEST  det: ADE=1.043 FDE=2.113 | best-of-20: ADE=0.819 FDE=1.582  (179s)

[hotel] epoch   1/250  nll=0.3392  val_ADE(det)=1.442  val_ADE(best5)=1.058
[hotel] epoch  10/250  nll=-1.8522  val_ADE(det)=0.509  val_ADE(best5)=0.426
[hotel] epoch  20/250  nll=-2.0397  val_ADE(det)=0.485  val_ADE(best5)=0.406
[hotel] epoch  30/250  nll=-2.1033  val_ADE(det)=0.478  val_ADE(best5)=0.400
[hotel] epoch  40/250  nll=-2.1815  val_ADE(det)=0.478  val_ADE(best5)=0.398
[hotel] epoch  50/250  nll=-2.2368  val_ADE(det)=0.462  val_ADE(best5)=0.387
[hotel] epoch  60/250  nll=-2.2655  val_ADE(det)=0.461  val_ADE(best5)=0.388
[hotel] epoch  70/250  nll=-2.3024  val_ADE(det)=0.465  val_ADE(best5)=0.389
[hotel] epoch  80/250  nll=-2.3543  val_ADE(det)=0.466  val_ADE(best5)=0.390
[hotel] epoch  90/250  nll=-2.3771  val_ADE(det)=0.470  val_ADE(best5)=0.390
[hotel] epoch 100/250  nll=-2.4113  val_ADE(det)=0.450  val_ADE(best5)=0.378
[hotel] epoch 110/250  nll=-2.4755  val_ADE(det)=0.451  val_ADE(best5)=0.376
[hotel] epoch 120/250  nll=-2.4943  val_ADE(det)=0.456  val_ADE(best5)=0.379
[hotel] epoch 130/250  nll=-2.4801  val_ADE(det)=0.450  val_ADE(best5)=0.378
[hotel] epoch 140/250  nll=-2.5095  val_ADE(det)=0.447  val_ADE(best5)=0.374
[hotel] epoch 150/250  nll=-2.5279  val_ADE(det)=0.448  val_ADE(best5)=0.374
[hotel] epoch 160/250  nll=-2.5300  val_ADE(det)=0.447  val_ADE(best5)=0.376
[hotel] epoch 170/250  nll=-2.5530  val_ADE(det)=0.448  val_ADE(best5)=0.373
[hotel] epoch 180/250  nll=-2.5597  val_ADE(det)=0.458  val_ADE(best5)=0.382
[hotel] epoch 190/250  nll=-2.5762  val_ADE(det)=0.448  val_ADE(best5)=0.374
[hotel] epoch 200/250  nll=-2.5924  val_ADE(det)=0.454  val_ADE(best5)=0.380
[hotel] epoch 210/250  nll=-2.6360  val_ADE(det)=0.449  val_ADE(best5)=0.373
[hotel] epoch 220/250  nll=-2.6410  val_ADE(det)=0.442  val_ADE(best5)=0.370
[hotel] epoch 230/250  nll=-2.6455  val_ADE(det)=0.448  val_ADE(best5)=0.377
[hotel] epoch 240/250  nll=-2.6573  val_ADE(det)=0.445  val_ADE(best5)=0.373
[hotel] epoch 250/250  nll=-2.6724  val_ADE(det)=0.444  val_ADE(best5)=0.371
[hotel] TEST  det: ADE=0.436 FDE=0.880 | best-of-20: ADE=0.311 FDE=0.561  (172s)

[univ] epoch   1/250  nll=0.5052  val_ADE(det)=1.707  val_ADE(best5)=1.251
[univ] epoch  10/250  nll=-1.8997  val_ADE(det)=0.490  val_ADE(best5)=0.409
[univ] epoch  20/250  nll=-2.1894  val_ADE(det)=0.429  val_ADE(best5)=0.364
[univ] epoch  30/250  nll=-2.3155  val_ADE(det)=0.407  val_ADE(best5)=0.351
[univ] epoch  40/250  nll=-2.4190  val_ADE(det)=0.410  val_ADE(best5)=0.347
[univ] epoch  50/250  nll=-2.5249  val_ADE(det)=0.395  val_ADE(best5)=0.337
[univ] epoch  60/250  nll=-2.5908  val_ADE(det)=0.414  val_ADE(best5)=0.349
[univ] epoch  70/250  nll=-2.6290  val_ADE(det)=0.408  val_ADE(best5)=0.351
[univ] epoch  80/250  nll=-2.7226  val_ADE(det)=0.387  val_ADE(best5)=0.327
[univ] epoch  90/250  nll=-2.7095  val_ADE(det)=0.407  val_ADE(best5)=0.346
[univ] epoch 100/250  nll=-2.7953  val_ADE(det)=0.382  val_ADE(best5)=0.323
[univ] epoch 110/250  nll=-2.9611  val_ADE(det)=0.375  val_ADE(best5)=0.319
[univ] epoch 120/250  nll=-2.9821  val_ADE(det)=0.379  val_ADE(best5)=0.323
[univ] epoch 130/250  nll=-2.9293  val_ADE(det)=0.380  val_ADE(best5)=0.320
[univ] epoch 140/250  nll=-3.0261  val_ADE(det)=0.375  val_ADE(best5)=0.316
[univ] epoch 150/250  nll=-3.0141  val_ADE(det)=0.378  val_ADE(best5)=0.319
[univ] epoch 160/250  nll=-3.0044  val_ADE(det)=0.373  val_ADE(best5)=0.319
[univ] epoch 170/250  nll=-3.0800  val_ADE(det)=0.383  val_ADE(best5)=0.324
[univ] epoch 180/250  nll=-3.0819  val_ADE(det)=0.378  val_ADE(best5)=0.322
[univ] epoch 190/250  nll=-3.0958  val_ADE(det)=0.376  val_ADE(best5)=0.320
[univ] epoch 200/250  nll=-3.0919  val_ADE(det)=0.390  val_ADE(best5)=0.328
[univ] epoch 210/250  nll=-3.2714  val_ADE(det)=0.375  val_ADE(best5)=0.318
[univ] epoch 220/250  nll=-3.2645  val_ADE(det)=0.372  val_ADE(best5)=0.319
[univ] epoch 230/250  nll=-3.2243  val_ADE(det)=0.375  val_ADE(best5)=0.325
[univ] epoch 240/250  nll=-3.2712  val_ADE(det)=0.371  val_ADE(best5)=0.316
[univ] epoch 250/250  nll=-3.2772  val_ADE(det)=0.371  val_ADE(best5)=0.319
[univ] TEST  det: ADE=0.568 FDE=1.202 | best-of-20: ADE=0.412 FDE=0.803  (140s)

[zara1] epoch   1/250  nll=0.4125  val_ADE(det)=1.456  val_ADE(best5)=1.074
[zara1] epoch  10/250  nll=-1.8197  val_ADE(det)=0.532  val_ADE(best5)=0.445
[zara1] epoch  20/250  nll=-2.0420  val_ADE(det)=0.495  val_ADE(best5)=0.414
[zara1] epoch  30/250  nll=-2.0887  val_ADE(det)=0.529  val_ADE(best5)=0.440
[zara1] epoch  40/250  nll=-2.1610  val_ADE(det)=0.474  val_ADE(best5)=0.396
[zara1] epoch  50/250  nll=-2.1962  val_ADE(det)=0.481  val_ADE(best5)=0.404
[zara1] epoch  60/250  nll=-2.2225  val_ADE(det)=0.496  val_ADE(best5)=0.411
[zara1] epoch  70/250  nll=-2.2370  val_ADE(det)=0.485  val_ADE(best5)=0.401
[zara1] epoch  80/250  nll=-2.3344  val_ADE(det)=0.473  val_ADE(best5)=0.392
[zara1] epoch  90/250  nll=-2.3501  val_ADE(det)=0.465  val_ADE(best5)=0.388
[zara1] epoch 100/250  nll=-2.3922  val_ADE(det)=0.457  val_ADE(best5)=0.381
[zara1] epoch   1/250  nll=0.4125  val_ADE(det)=1.456  val_ADE(best5)=1.074
[zara1] epoch  10/250  nll=-1.8557  val_ADE(det)=0.530  val_ADE(best5)=0.441
[zara1] epoch  20/250  nll=-2.0388  val_ADE(det)=0.487  val_ADE(best5)=0.408
[zara1] epoch  30/250  nll=-2.0788  val_ADE(det)=0.529  val_ADE(best5)=0.440
[zara1] epoch  40/250  nll=-2.1519  val_ADE(det)=0.481  val_ADE(best5)=0.402
[zara1] epoch  50/250  nll=-2.2065  val_ADE(det)=0.485  val_ADE(best5)=0.406
[zara1] epoch  60/250  nll=-2.2410  val_ADE(det)=0.479  val_ADE(best5)=0.400
[zara1] epoch  70/250  nll=-2.2800  val_ADE(det)=0.473  val_ADE(best5)=0.394
[zara1] epoch  80/250  nll=-2.3329  val_ADE(det)=0.459  val_ADE(best5)=0.383
[zara1] epoch  90/250  nll=-2.3681  val_ADE(det)=0.463  val_ADE(best5)=0.386
[zara1] epoch 100/250  nll=-2.3649  val_ADE(det)=0.462  val_ADE(best5)=0.385
[zara1] epoch 110/250  nll=-2.4430  val_ADE(det)=0.453  val_ADE(best5)=0.379
[zara1] epoch 120/250  nll=-2.4623  val_ADE(det)=0.452  val_ADE(best5)=0.379
[zara1] epoch 130/250  nll=-2.4905  val_ADE(det)=0.452  val_ADE(best5)=0.379
[zara1] epoch 140/250  nll=-2.5119  val_ADE(det)=0.458  val_ADE(best5)=0.383
[zara1] epoch 150/250  nll=-2.5137  val_ADE(det)=0.447  val_ADE(best5)=0.377
[zara1] epoch 160/250  nll=-2.5294  val_ADE(det)=0.461  val_ADE(best5)=0.384
[zara1] epoch 170/250  nll=-2.5562  val_ADE(det)=0.459  val_ADE(best5)=0.382
[zara1] epoch 180/250  nll=-2.5682  val_ADE(det)=0.461  val_ADE(best5)=0.382
[zara1] epoch 190/250  nll=-2.5715  val_ADE(det)=0.449  val_ADE(best5)=0.374
[zara1] epoch 200/250  nll=-2.5898  val_ADE(det)=0.454  val_ADE(best5)=0.380
[zara1] epoch 210/250  nll=-2.6458  val_ADE(det)=0.448  val_ADE(best5)=0.375
[zara1] epoch 220/250  nll=-2.6576  val_ADE(det)=0.447  val_ADE(best5)=0.373
[zara1] epoch 230/250  nll=-2.6484  val_ADE(det)=0.446  val_ADE(best5)=0.373
[zara1] epoch 240/250  nll=-2.6721  val_ADE(det)=0.449  val_ADE(best5)=0.375
[zara1] epoch 250/250  nll=-2.6956  val_ADE(det)=0.447  val_ADE(best5)=0.373
[zara1] TEST  det: ADE=0.419 FDE=0.904 | best-of-20: ADE=0.283 FDE=0.498  (204s)

[zara2] epoch   1/250  nll=0.5039  val_ADE(det)=1.600  val_ADE(best5)=1.149
[zara2] epoch  10/250  nll=-1.7608  val_ADE(det)=0.641  val_ADE(best5)=0.522
[zara2] epoch  20/250  nll=-1.9199  val_ADE(det)=0.534  val_ADE(best5)=0.442
[zara2] epoch  30/250  nll=-1.9873  val_ADE(det)=0.572  val_ADE(best5)=0.472
[zara2] epoch  40/250  nll=-2.0387  val_ADE(det)=0.582  val_ADE(best5)=0.474
[zara2] epoch  50/250  nll=-2.0834  val_ADE(det)=0.507  val_ADE(best5)=0.427
[zara2] epoch  60/250  nll=-2.1187  val_ADE(det)=0.506  val_ADE(best5)=0.421
[zara2] epoch  70/250  nll=-2.1775  val_ADE(det)=0.508  val_ADE(best5)=0.425
[zara2] epoch  80/250  nll=-2.1988  val_ADE(det)=0.529  val_ADE(best5)=0.437
[zara2] epoch  90/250  nll=-2.2130  val_ADE(det)=0.509  val_ADE(best5)=0.420
[zara2] epoch 100/250  nll=-2.2177  val_ADE(det)=0.507  val_ADE(best5)=0.421
[zara2] epoch 110/250  nll=-2.2725  val_ADE(det)=0.504  val_ADE(best5)=0.419
[zara2] epoch 120/250  nll=-2.2948  val_ADE(det)=0.501  val_ADE(best5)=0.416
[zara2] epoch 130/250  nll=-2.2856  val_ADE(det)=0.497  val_ADE(best5)=0.414
[zara2] epoch 140/250  nll=-2.3029  val_ADE(det)=0.508  val_ADE(best5)=0.424
[zara2] epoch 150/250  nll=-2.3042  val_ADE(det)=0.504  val_ADE(best5)=0.421
[zara2] epoch 160/250  nll=-2.3323  val_ADE(det)=0.505  val_ADE(best5)=0.422
[zara2] epoch 170/250  nll=-2.3202  val_ADE(det)=0.499  val_ADE(best5)=0.414
[zara2] epoch 180/250  nll=-2.3574  val_ADE(det)=0.505  val_ADE(best5)=0.421
[zara2] epoch 190/250  nll=-2.3461  val_ADE(det)=0.501  val_ADE(best5)=0.418
[zara2] epoch 200/250  nll=-2.3570  val_ADE(det)=0.501  val_ADE(best5)=0.417
[zara2] epoch 210/250  nll=-2.3767  val_ADE(det)=0.504  val_ADE(best5)=0.421
[zara2] epoch 220/250  nll=-2.3995  val_ADE(det)=0.499  val_ADE(best5)=0.415
[zara2] epoch 230/250  nll=-2.3859  val_ADE(det)=0.500  val_ADE(best5)=0.416
[zara2] epoch 240/250  nll=-2.3868  val_ADE(det)=0.501  val_ADE(best5)=0.419
[zara2] epoch 250/250  nll=-2.3915  val_ADE(det)=0.503  val_ADE(best5)=0.417
[zara2] TEST  det: ADE=0.350 FDE=0.761 | best-of-20: ADE=0.251 FDE=0.474  (147s)

